// Jest Snapshot v1, https://goo.gl/fbAQLP

exports[`App component Authenticated / route renders properly 1`] = `ReactWrapper {}`;

exports[`App component Authenticated /no-real-route route renders properly 1`] = `ReactWrapper {}`;
