// Jest Snapshot v1, https://goo.gl/fbAQLP

exports[`Header component (disconnected) should render correctly 1`] = `ShallowWrapper {}`;
