// Jest Snapshot v1, https://goo.gl/fbAQLP

exports[`Info Component should render Info component 1`] = `ShallowWrapper {}`;
