// Jest Snapshot v1, https://goo.gl/fbAQLP

exports[`HelpPage component should render correctly 1`] = `ReactWrapper {}`;
